// Jest Snapshot v1, https://goo.gl/fbAQLP

exports[`Home page matches snapshot 1`] = `
<DocumentFragment>
  <h1
    class="HomeComponents__Container-sc-1d0u3os-0 hHKTKr"
  >
    <div
      class="content"
    >
      <header>
        <img
          alt="Ecoleta"
          src="/assets/logo.svg"
        />
      </header>
      <main>
        <h1>
          Seu marketplace de coleta de res√≠duos
        </h1>
        <p>
          Ajudamos pessoas a encotrarem pontos de coleta de forma eficiente.
        </p>
        <a
          href="/cadastro"
        >
          <span>
            <svg
              fill="none"
              height="1em"
              stroke="currentColor"
              stroke-linecap="round"
              stroke-linejoin="round"
              stroke-width="2"
              viewBox="0 0 24 24"
              width="1em"
              xmlns="http://www.w3.org/2000/svg"
            >
              <path
                d="M15 3h4a2 2 0 0 1 2 2v14a2 2 0 0 1-2 2h-4"
              />
              <polyline
                points="10 17 15 12 10 7"
              />
              <line
                x1="15"
                x2="3"
                y1="12"
                y2="12"
              />
            </svg>
          </span>
          <strong>
            cadastre um ponto de coleta
          </strong>
        </a>
      </main>
    </div>
  </h1>
</DocumentFragment>
`;
